// Jest Snapshot v1, https://goo.gl/fbAQLP

exports[`renders correctly 1`] = `
<main
  id="progress"
>
  <div
    className="dropForm"
  >
    <p
      className="loading"
    >
      Laster inn transkripsjon
    </p>
    <div
      className="react-sweet-progress-circle-outer"
      style={
        Object {
          "fontSize": 27.12,
          "height": 132,
          "width": 132,
        }
      }
    >
      <svg
        className="react-sweet-progress-circle"
        viewBox="0 0 100 100"
      >
        <path
          d="M 50,50 m 0,-47
     a 47,47 0 1 1 0,94
     a 47,47 0 1 1 0,-94"
          fillOpacity="0"
          strokeWidth={6}
          style={
            Object {
              "strokeDasharray": "295.3097094374406px 295.3097094374406px",
              "strokeDashoffset": "-0px",
              "transition": "stroke-dashoffset .3s ease 0s, stroke-dasharray .3s ease 0s, stroke .3s",
            }
          }
        />
        <path
          d="M 50,50 m 0,-47
     a 47,47 0 1 1 0,94
     a 47,47 0 1 1 0,-94"
          fillOpacity="0"
          stroke="#efefef"
          strokeWidth={6}
          style={
            Object {
              "strokeDasharray": "295.3097094374406px 295.3097094374406px",
              "strokeDashoffset": "-0px",
              "transition": "stroke-dashoffset .3s ease 0s, stroke-dasharray .3s ease 0s, stroke .3s",
            }
          }
        />
      </svg>
      <div
        className="react-sweet-progress-symbol-absolute"
      >
        <div
          className="react-sweet-progress-symbol"
        >
          ‚è≥
        </div>
      </div>
    </div>
  </div>
</main>
`;
